// Jest Snapshot v1, https://goo.gl/fbAQLP

exports[`Matches snapshot 1`] = `
<div
  className="MuiBox-root css-0"
  data-testid="header"
>
  <header
    className="MuiPaper-root MuiPaper-elevation MuiPaper-elevation4 MuiAppBar-root MuiAppBar-colorPrimary MuiAppBar-positionStatic css-ssakjc-MuiPaper-root-MuiAppBar-root"
  >
    <div
      className="MuiToolbar-root MuiToolbar-gutters MuiToolbar-regular css-1t29gy6-MuiToolbar-root"
    >
      <svg
        aria-hidden={true}
        className="MuiSvgIcon-root MuiSvgIcon-fontSizeLarge css-tzssek-MuiSvgIcon-root"
        data-testid="KeyboardBackspaceIcon"
        focusable="false"
        viewBox="0 0 24 24"
      >
        <path
          d="M21 11H6.83l3.58-3.59L9 6l-6 6 6 6 1.41-1.41L6.83 13H21z"
        />
      </svg>
      <div
        className="MuiTypography-root MuiTypography-h6 css-1juivf6-MuiTypography-root"
      >
        TRASTE
      </div>
      <img
        alt="traste logo"
        src="traste_logo.png"
        style={
          Object {
            "height": "40px",
          }
        }
      />
    </div>
  </header>
</div>
`;
