// Jest Snapshot v1, https://goo.gl/fbAQLP

exports[`Matches snapshot 1`] = `
<div
  className="MuiFormControl-root MuiTextField-root css-1hg5lel-MuiFormControl-root-MuiTextField-root"
>
  <div
    className="MuiOutlinedInput-root MuiInputBase-root MuiInputBase-colorPrimary MuiInputBase-formControl css-9ddj71-MuiInputBase-root-MuiOutlinedInput-root"
    onClick={[Function]}
    variant="outlined"
  >
    <div
      aria-expanded="false"
      aria-haspopup="listbox"
      aria-labelledby="select-undefined"
      className="MuiSelect-select MuiSelect-outlined MuiOutlinedInput-input MuiInputBase-input css-11u53oe-MuiSelect-select-MuiInputBase-input-MuiOutlinedInput-input"
      id="select-undefined"
      onBlur={[Function]}
      onFocus={[Function]}
      onKeyDown={[Function]}
      onMouseDown={[Function]}
      role="button"
      tabIndex={0}
    >
      <span
        className="notranslate"
      >
        ​
      </span>
    </div>
    <input
      aria-hidden={true}
      autoFocus={false}
      className="MuiSelect-nativeInput css-yf8vq0-MuiSelect-nativeInput"
      data-testid="selectionfield"
      disabled={false}
      onAnimationStart={[Function]}
      onChange={[Function]}
      required={false}
      tabIndex={-1}
      value=""
    />
    <svg
      aria-hidden={true}
      className="MuiSvgIcon-root MuiSvgIcon-fontSizeMedium MuiSelect-icon MuiSelect-iconOutlined css-hfutr2-MuiSvgIcon-root-MuiSelect-icon"
      data-testid="ArrowDropDownIcon"
      focusable="false"
      viewBox="0 0 24 24"
    >
      <path
        d="M7 10l5 5 5-5z"
      />
    </svg>
    <fieldset
      aria-hidden={true}
      className="MuiOutlinedInput-notchedOutline css-1d3z3hw-MuiOutlinedInput-notchedOutline"
    >
      <legend
        className="css-nnbavb"
      >
        <span
          className="notranslate"
        >
          ​
        </span>
      </legend>
    </fieldset>
  </div>
</div>
`;
